<html>
<head>
  <title>legacy-digest-details-sk demo</title>
  <meta charset="utf-8">
  <meta http-equiv="X-UA-Compatible" content="IE=edge,chrome=1">
  <meta name="viewport" content="width=device-width, minimum-scale=1.0, initial-scale=1, user-scalable=yes">
  <script src="../../node_modules/native-promise-only/npo.js"></script>
  <script src="bower_components/webcomponentsjs/webcomponents-lite.js"></script>
  <script src="bower_components/d3/d3.js"></script>
  <script src="../common/js/common.js"></script>
  <script src="../js/gold.js"></script>
  <script src="testdata.js"></script>

  <link rel="import" href="bower_components/polymer/polymer.html">
  <link rel="import" href="legacy-digest-details-sk.html">

</head>
<body>
  <h1>legacy-digest-details-sk demo</h1>

  <dom-module id="main-document-element">
    <template>
      <h3>In list detail with a positive diff</h3>
      <div>
        <legacy-digest-details-sk mode="list"
                           details="[[posDetails]]"
                           commits="[[commits]]">
        </legacy-digest-details-sk>
      </div>
      <br><br>
      <h3>In list detail with a negative diff</h3>
      <div>
        <legacy-digest-details-sk mode="list"
                           details="[[negDetails]]"
                           commits="[[commits]]">
        </legacy-digest-details-sk>
      </div>
      <br><br>
      <h3>In list detail without a diff</h3>
      <div>
        <legacy-digest-details-sk mode="list"
                           id="noDiffDigestDetail"
                           details="[[noDiffDetails]]"
                           commits="[[commits]]">
        </legacy-digest-details-sk>
      </div>
      <br><br>
      <h3>diff View Demo</h3>
      <div>
          <legacy-digest-details-sk mode="diff"
                             details="[[diffData.left]]"
                             right="[[diffData.right]]"
                             diff="[[diffData.diff]]">
          </legacy-digest-details-sk>
      </div>
    </template>

    <script>
      HTMLImports.whenReady(function () {
        Polymer({
          is: 'main-document-element',

          ready: function() {
            var posDetails = JSON.parse(JSON.stringify(testdata.searchDetails[0]));
            posDetails.diff.neg = null;

            var negDetails = JSON.parse(JSON.stringify(posDetails));
            negDetails.diff.neg = negDetails.diff.pos;
            negDetails.diff.pos = null;

            var noDiffDetails = JSON.parse(JSON.stringify(posDetails));
            noDiffDetails.diff.pos = null;
            noDiffDetails.diff.neg = null;

            this.set('posDetails', posDetails);
            this.set('negDetails', negDetails);
            this.set('noDiffDetails', noDiffDetails);
            this.set('commits', testdata.commits);

            // Add the diff view data.
            this.set('diffData', testdata.diffDigests);
          }
        });
      });
    </script>
  </dom-module>

  <!-- Instantite the element defined above -->
  <main-document-element></main-document-element>

</body>
</html>
