<html>
<head>
  <title>search-page-sk demo</title>
  <meta charset="utf-8">
  <meta http-equiv="X-UA-Compatible" content="IE=edge,chrome=1">
  <meta name="viewport" content="width=device-width, minimum-scale=1.0, initial-scale=1, user-scalable=yes">
  <script src="../../node_modules/native-promise-only/npo.js"></script>
  <script src="bower_components/webcomponentsjs/webcomponents-lite.js"></script>
  <script src="bower_components/page/page.js"></script>
  <script src="bower_components/d3/d3.js"></script>
  <script src="../common/js/common.js"></script>
  <script src="../js/gold.js"></script>
  <script src="bower_components/sinonjs/sinon.js"></script>
  <script src="testdata.js"></script>
  <script>
    var server = sinon.fakeServer.create();
    server.autoRespond = true;
    server.autoRespondAfter = 1000;

    server.respondWith("GET", /\/json\/search*/, function(request) {
      request.respond(200, {"Content-Type":"application/json"},
        JSON.stringify(testdata.fiveSearchResults));
    });

    server.respondWith("GET", "/json/paramset", function(request) {
      request.respond(200, {"Content-Type":"application/json"},
        JSON.stringify(testdata.paramSet));
    });

    server.respondWith("POST", "/json/triage", function(request) {
      request.respond(200, {"Content-Type":"application/json"}, JSON.stringify({}));
    });

  </script>

  <link rel="import" href="legacy-search-page-sk.html">

</head>
<body>
  <legacy-search-page-sk id="searchPage"></legacy-search-page-sk>
  <div>Error: &quot;<span id="errorMsg"></span>&quot;</div>

  <script type="text/javascript" charset="utf-8">
      document.addEventListener('error-sk', function(err) {
        var msg = ((err && err.detail && err.detail.message) || "Empty error message.").toString()
        console.log("Error:", msg);
        $$$('#errorMsg').textContent = msg;
      });

      // var q = "?head=true&query=source_type%3Dgm";
      var q = "?blame=09aa1fce69b214714171db12c341aebd78dd29ea&head=true&query=source_type%3Dgm";
      window.history.replaceState(null, null, window.location.pathname + q);
      $$$('legacy-search-page-sk').pageSelected(new page.Context(window.location.pathname + q));
  </script>
</body>
</html>
